Archive member included to satisfy reference by file (symbol)

c:/program files (x86)/atmel/studio/7.0/toolchain/avr8/avr8-gnu-toolchain/bin/../lib/gcc/avr/5.4.0/avr5\libgcc.a(_exit.o)
                              c:/program files (x86)/atmel/studio/7.0/toolchain/avr8/avr8-gnu-toolchain/bin/../lib/gcc/avr/5.4.0/../../../../avr/lib/avr5/crtatmega329p.o (exit)
c:/program files (x86)/atmel/studio/7.0/toolchain/avr8/avr8-gnu-toolchain/bin/../lib/gcc/avr/5.4.0/avr5\libgcc.a(_clear_bss.o)
                              src/Input/btnInterrupt.o (__do_clear_bss)

Allocating common symbols
Common symbol       size              file

colors              0x18              src/Leds/LedFunctions.o
btnState            0x1               src/Input/btnInterrupt.o
leds                0x57              src/Leds/LedFunctions.o

Discarded input sections

 .data          0x00000000        0x0 c:/program files (x86)/atmel/studio/7.0/toolchain/avr8/avr8-gnu-toolchain/bin/../lib/gcc/avr/5.4.0/../../../../avr/lib/avr5/crtatmega329p.o
 .bss           0x00000000        0x0 c:/program files (x86)/atmel/studio/7.0/toolchain/avr8/avr8-gnu-toolchain/bin/../lib/gcc/avr/5.4.0/../../../../avr/lib/avr5/crtatmega329p.o
 .group         0x00000000        0x8 src/adc/adc_functions.o
 .text          0x00000000        0x0 src/adc/adc_functions.o
 .data          0x00000000        0x0 src/adc/adc_functions.o
 .bss           0x00000000        0x0 src/adc/adc_functions.o
 .debug_info    0x00000000       0x21 src/adc/adc_functions.o
 .debug_abbrev  0x00000000       0x13 src/adc/adc_functions.o
 .debug_aranges
                0x00000000       0x18 src/adc/adc_functions.o
 .debug_macro   0x00000000       0x11 src/adc/adc_functions.o
 .debug_macro   0x00000000      0xa4e src/adc/adc_functions.o
 .debug_line    0x00000000       0x38 src/adc/adc_functions.o
 .debug_str     0x00000000     0x2b1d src/adc/adc_functions.o
 .comment       0x00000000       0x31 src/adc/adc_functions.o
 .group         0x00000000        0x8 src/ASF/common/services/clock/mega/sysclk.o
 .group         0x00000000        0x8 src/ASF/common/services/clock/mega/sysclk.o
 .group         0x00000000        0x8 src/ASF/common/services/clock/mega/sysclk.o
 .group         0x00000000        0x8 src/ASF/common/services/clock/mega/sysclk.o
 .group         0x00000000        0x8 src/ASF/common/services/clock/mega/sysclk.o
 .group         0x00000000        0x8 src/ASF/common/services/clock/mega/sysclk.o
 .group         0x00000000        0x8 src/ASF/common/services/clock/mega/sysclk.o
 .group         0x00000000        0x8 src/ASF/common/services/clock/mega/sysclk.o
 .group         0x00000000        0x8 src/ASF/common/services/clock/mega/sysclk.o
 .group         0x00000000        0x8 src/ASF/common/services/clock/mega/sysclk.o
 .group         0x00000000        0x8 src/ASF/common/services/clock/mega/sysclk.o
 .group         0x00000000        0x8 src/ASF/common/services/clock/mega/sysclk.o
 .group         0x00000000        0x8 src/ASF/common/services/clock/mega/sysclk.o
 .group         0x00000000        0x8 src/ASF/common/services/clock/mega/sysclk.o
 .group         0x00000000        0x8 src/ASF/common/services/clock/mega/sysclk.o
 .group         0x00000000        0x8 src/ASF/common/services/clock/mega/sysclk.o
 .group         0x00000000        0x8 src/ASF/common/services/clock/mega/sysclk.o
 .group         0x00000000        0x8 src/ASF/common/services/clock/mega/sysclk.o
 .group         0x00000000        0x8 src/ASF/common/services/clock/mega/sysclk.o
 .group         0x00000000        0x8 src/ASF/common/services/clock/mega/sysclk.o
 .group         0x00000000        0x8 src/ASF/common/services/clock/mega/sysclk.o
 .group         0x00000000        0x8 src/ASF/common/services/clock/mega/sysclk.o
 .group         0x00000000        0x8 src/ASF/common/services/clock/mega/sysclk.o
 .group         0x00000000        0x8 src/ASF/common/services/clock/mega/sysclk.o
 .group         0x00000000        0x8 src/ASF/common/services/clock/mega/sysclk.o
 .group         0x00000000        0x8 src/ASF/common/services/clock/mega/sysclk.o
 .group         0x00000000        0x8 src/ASF/common/services/clock/mega/sysclk.o
 .text          0x00000000        0x0 src/ASF/common/services/clock/mega/sysclk.o
 .data          0x00000000        0x0 src/ASF/common/services/clock/mega/sysclk.o
 .bss           0x00000000        0x0 src/ASF/common/services/clock/mega/sysclk.o
 .text.sysclk_enable_module
                0x00000000        0x2 src/ASF/common/services/clock/mega/sysclk.o
 .text.sysclk_disable_module
                0x00000000        0x2 src/ASF/common/services/clock/mega/sysclk.o
 .group         0x00000000        0x8 src/Input/btnInterrupt.o
 .group         0x00000000        0x8 src/Input/btnInterrupt.o
 .group         0x00000000        0x8 src/Input/btnInterrupt.o
 .group         0x00000000        0x8 src/Input/btnInterrupt.o
 .group         0x00000000        0x8 src/Input/btnInterrupt.o
 .group         0x00000000        0x8 src/Input/btnInterrupt.o
 .group         0x00000000        0x8 src/Input/btnInterrupt.o
 .group         0x00000000        0x8 src/Input/btnInterrupt.o
 .group         0x00000000        0x8 src/Input/btnInterrupt.o
 .group         0x00000000        0x8 src/Input/btnInterrupt.o
 .group         0x00000000        0x8 src/Input/btnInterrupt.o
 .group         0x00000000        0x8 src/Input/btnInterrupt.o
 .text          0x00000000        0x0 src/Input/btnInterrupt.o
 .data          0x00000000        0x0 src/Input/btnInterrupt.o
 .bss           0x00000000        0x0 src/Input/btnInterrupt.o
 .text.initBtns
                0x00000000       0x16 src/Input/btnInterrupt.o
 .debug_macro   0x00000000      0xa4e src/Input/btnInterrupt.o
 .debug_macro   0x00000000       0x10 src/Input/btnInterrupt.o
 .debug_macro   0x00000000      0x1c9 src/Input/btnInterrupt.o
 .debug_macro   0x00000000      0x2fc src/Input/btnInterrupt.o
 .debug_macro   0x00000000       0x9e src/Input/btnInterrupt.o
 .debug_macro   0x00000000      0x204 src/Input/btnInterrupt.o
 .debug_macro   0x00000000       0xbd src/Input/btnInterrupt.o
 .debug_macro   0x00000000       0x34 src/Input/btnInterrupt.o
 .debug_macro   0x00000000       0x18 src/Input/btnInterrupt.o
 .debug_macro   0x00000000       0x6c src/Input/btnInterrupt.o
 .debug_macro   0x00000000       0x69 src/Input/btnInterrupt.o
 COMMON         0x00000000        0x1 src/Input/btnInterrupt.o
 .group         0x00000000        0x8 src/Leds/LedFunctions.o
 .group         0x00000000        0x8 src/Leds/LedFunctions.o
 .group         0x00000000        0x8 src/Leds/LedFunctions.o
 .group         0x00000000        0x8 src/Leds/LedFunctions.o
 .group         0x00000000        0x8 src/Leds/LedFunctions.o
 .group         0x00000000        0x8 src/Leds/LedFunctions.o
 .group         0x00000000        0x8 src/Leds/LedFunctions.o
 .group         0x00000000        0x8 src/Leds/LedFunctions.o
 .group         0x00000000        0x8 src/Leds/LedFunctions.o
 .group         0x00000000        0x8 src/Leds/LedFunctions.o
 .group         0x00000000        0x8 src/Leds/LedFunctions.o
 .group         0x00000000        0x8 src/Leds/LedFunctions.o
 .group         0x00000000        0x8 src/Leds/LedFunctions.o
 .group         0x00000000        0x8 src/Leds/LedFunctions.o
 .text          0x00000000        0x0 src/Leds/LedFunctions.o
 .data          0x00000000        0x0 src/Leds/LedFunctions.o
 .bss           0x00000000        0x0 src/Leds/LedFunctions.o
 .text.initLeds
                0x00000000       0x3e src/Leds/LedFunctions.o
 .text.ledsOn   0x00000000        0x2 src/Leds/LedFunctions.o
 .text.ledsOff  0x00000000        0x2 src/Leds/LedFunctions.o
 .debug_info    0x00000000      0x12c src/Leds/LedFunctions.o
 .debug_abbrev  0x00000000       0x93 src/Leds/LedFunctions.o
 .debug_aranges
                0x00000000       0x30 src/Leds/LedFunctions.o
 .debug_ranges  0x00000000       0x20 src/Leds/LedFunctions.o
 .debug_macro   0x00000000       0xc4 src/Leds/LedFunctions.o
 .debug_macro   0x00000000      0xa54 src/Leds/LedFunctions.o
 .debug_macro   0x00000000       0x10 src/Leds/LedFunctions.o
 .debug_macro   0x00000000      0x1c9 src/Leds/LedFunctions.o
 .debug_macro   0x00000000      0x2fc src/Leds/LedFunctions.o
 .debug_macro   0x00000000       0x9e src/Leds/LedFunctions.o
 .debug_macro   0x00000000     0x15e9 src/Leds/LedFunctions.o
 .debug_macro   0x00000000      0x204 src/Leds/LedFunctions.o
 .debug_macro   0x00000000       0xbd src/Leds/LedFunctions.o
 .debug_macro   0x00000000       0x34 src/Leds/LedFunctions.o
 .debug_macro   0x00000000       0x18 src/Leds/LedFunctions.o
 .debug_macro   0x00000000       0x6c src/Leds/LedFunctions.o
 .debug_macro   0x00000000       0x69 src/Leds/LedFunctions.o
 .debug_macro   0x00000000       0x1c src/Leds/LedFunctions.o
 .debug_macro   0x00000000       0x1c src/Leds/LedFunctions.o
 .debug_line    0x00000000      0x2cf src/Leds/LedFunctions.o
 .debug_str     0x00000000     0x7085 src/Leds/LedFunctions.o
 .comment       0x00000000       0x31 src/Leds/LedFunctions.o
 .debug_frame   0x00000000       0x44 src/Leds/LedFunctions.o
 COMMON         0x00000000       0x6f src/Leds/LedFunctions.o
 .group         0x00000000        0x8 src/Leds/light_ws2812.o
 .group         0x00000000        0x8 src/Leds/light_ws2812.o
 .group         0x00000000        0x8 src/Leds/light_ws2812.o
 .group         0x00000000        0x8 src/Leds/light_ws2812.o
 .group         0x00000000        0x8 src/Leds/light_ws2812.o
 .group         0x00000000        0x8 src/Leds/light_ws2812.o
 .group         0x00000000        0x8 src/Leds/light_ws2812.o
 .group         0x00000000        0x8 src/Leds/light_ws2812.o
 .group         0x00000000        0x8 src/Leds/light_ws2812.o
 .group         0x00000000        0x8 src/Leds/light_ws2812.o
 .group         0x00000000        0x8 src/Leds/light_ws2812.o
 .group         0x00000000        0x8 src/Leds/light_ws2812.o
 .group         0x00000000        0x8 src/Leds/light_ws2812.o
 .group         0x00000000        0x8 src/Leds/light_ws2812.o
 .group         0x00000000        0x8 src/Leds/light_ws2812.o
 .group         0x00000000        0x8 src/Leds/light_ws2812.o
 .text          0x00000000        0x0 src/Leds/light_ws2812.o
 .data          0x00000000        0x0 src/Leds/light_ws2812.o
 .bss           0x00000000        0x0 src/Leds/light_ws2812.o
 .text.ws2812_setleds
                0x00000000       0x5a src/Leds/light_ws2812.o
 .text.ws2812_setleds_pin
                0x00000000       0x64 src/Leds/light_ws2812.o
 .text.ws2812_setleds_rgbw
                0x00000000       0x58 src/Leds/light_ws2812.o
 .text.ws2812_sendarray
                0x00000000       0x44 src/Leds/light_ws2812.o
 .text.ws2812_sendarray_mask
                0x00000000       0x4e src/Leds/light_ws2812.o
 .debug_info    0x00000000      0x527 src/Leds/light_ws2812.o
 .debug_abbrev  0x00000000      0x162 src/Leds/light_ws2812.o
 .debug_loc     0x00000000      0x735 src/Leds/light_ws2812.o
 .debug_aranges
                0x00000000       0x40 src/Leds/light_ws2812.o
 .debug_ranges  0x00000000       0x30 src/Leds/light_ws2812.o
 .debug_macro   0x00000000      0x142 src/Leds/light_ws2812.o
 .debug_macro   0x00000000      0xa54 src/Leds/light_ws2812.o
 .debug_macro   0x00000000       0x10 src/Leds/light_ws2812.o
 .debug_macro   0x00000000      0x1c9 src/Leds/light_ws2812.o
 .debug_macro   0x00000000      0x2fc src/Leds/light_ws2812.o
 .debug_macro   0x00000000       0x9e src/Leds/light_ws2812.o
 .debug_macro   0x00000000     0x15e9 src/Leds/light_ws2812.o
 .debug_macro   0x00000000      0x204 src/Leds/light_ws2812.o
 .debug_macro   0x00000000       0xbd src/Leds/light_ws2812.o
 .debug_macro   0x00000000       0x34 src/Leds/light_ws2812.o
 .debug_macro   0x00000000       0x18 src/Leds/light_ws2812.o
 .debug_macro   0x00000000       0x6c src/Leds/light_ws2812.o
 .debug_macro   0x00000000       0x69 src/Leds/light_ws2812.o
 .debug_macro   0x00000000       0x1c src/Leds/light_ws2812.o
 .debug_macro   0x00000000       0x1c src/Leds/light_ws2812.o
 .debug_macro   0x00000000       0x10 src/Leds/light_ws2812.o
 .debug_macro   0x00000000      0x166 src/Leds/light_ws2812.o
 .debug_line    0x00000000      0x48b src/Leds/light_ws2812.o
 .debug_str     0x00000000     0x770d src/Leds/light_ws2812.o
 .comment       0x00000000       0x31 src/Leds/light_ws2812.o
 .debug_frame   0x00000000       0x64 src/Leds/light_ws2812.o
 .group         0x00000000        0x8 src/ASF/common/boards/user_board/init.o
 .group         0x00000000        0x8 src/ASF/common/boards/user_board/init.o
 .group         0x00000000        0x8 src/ASF/common/boards/user_board/init.o
 .group         0x00000000        0x8 src/ASF/common/boards/user_board/init.o
 .group         0x00000000        0x8 src/ASF/common/boards/user_board/init.o
 .group         0x00000000        0x8 src/ASF/common/boards/user_board/init.o
 .group         0x00000000        0x8 src/ASF/common/boards/user_board/init.o
 .group         0x00000000        0x8 src/ASF/common/boards/user_board/init.o
 .group         0x00000000        0x8 src/ASF/common/boards/user_board/init.o
 .group         0x00000000        0x8 src/ASF/common/boards/user_board/init.o
 .group         0x00000000        0x8 src/ASF/common/boards/user_board/init.o
 .group         0x00000000        0x8 src/ASF/common/boards/user_board/init.o
 .group         0x00000000        0x8 src/ASF/common/boards/user_board/init.o
 .group         0x00000000        0x8 src/ASF/common/boards/user_board/init.o
 .group         0x00000000        0x8 src/ASF/common/boards/user_board/init.o
 .group         0x00000000        0x8 src/ASF/common/boards/user_board/init.o
 .group         0x00000000        0x8 src/ASF/common/boards/user_board/init.o
 .group         0x00000000        0x8 src/ASF/common/boards/user_board/init.o
 .group         0x00000000        0x8 src/ASF/common/boards/user_board/init.o
 .group         0x00000000        0x8 src/ASF/common/boards/user_board/init.o
 .group         0x00000000        0x8 src/ASF/common/boards/user_board/init.o
 .group         0x00000000        0x8 src/ASF/common/boards/user_board/init.o
 .group         0x00000000        0x8 src/ASF/common/boards/user_board/init.o
 .group         0x00000000        0x8 src/ASF/common/boards/user_board/init.o
 .group         0x00000000        0x8 src/ASF/common/boards/user_board/init.o
 .group         0x00000000        0x8 src/ASF/common/boards/user_board/init.o
 .group         0x00000000        0x8 src/ASF/common/boards/user_board/init.o
 .group         0x00000000        0x8 src/ASF/common/boards/user_board/init.o
 .group         0x00000000        0x8 src/ASF/common/boards/user_board/init.o
 .group         0x00000000        0x8 src/ASF/common/boards/user_board/init.o
 .text          0x00000000        0x0 src/ASF/common/boards/user_board/init.o
 .data          0x00000000        0x0 src/ASF/common/boards/user_board/init.o
 .bss           0x00000000        0x0 src/ASF/common/boards/user_board/init.o
 .debug_macro   0x00000000      0xa54 src/ASF/common/boards/user_board/init.o
 .debug_macro   0x00000000       0x10 src/ASF/common/boards/user_board/init.o
 .debug_macro   0x00000000      0x1c9 src/ASF/common/boards/user_board/init.o
 .debug_macro   0x00000000      0x2fc src/ASF/common/boards/user_board/init.o
 .debug_macro   0x00000000       0x9e src/ASF/common/boards/user_board/init.o
 .debug_macro   0x00000000     0x15e9 src/ASF/common/boards/user_board/init.o
 .debug_macro   0x00000000      0x204 src/ASF/common/boards/user_board/init.o
 .debug_macro   0x00000000       0xbd src/ASF/common/boards/user_board/init.o
 .debug_macro   0x00000000       0x34 src/ASF/common/boards/user_board/init.o
 .debug_macro   0x00000000       0x18 src/ASF/common/boards/user_board/init.o
 .debug_macro   0x00000000       0x6c src/ASF/common/boards/user_board/init.o
 .debug_macro   0x00000000       0x22 src/ASF/common/boards/user_board/init.o
 .debug_macro   0x00000000      0x16d src/ASF/common/boards/user_board/init.o
 .debug_macro   0x00000000       0x1c src/ASF/common/boards/user_board/init.o
 .debug_macro   0x00000000       0x35 src/ASF/common/boards/user_board/init.o
 .debug_macro   0x00000000       0x66 src/ASF/common/boards/user_board/init.o
 .debug_macro   0x00000000      0x64b src/ASF/common/boards/user_board/init.o
 .debug_macro   0x00000000       0x44 src/ASF/common/boards/user_board/init.o
 .debug_macro   0x00000000       0x69 src/ASF/common/boards/user_board/init.o
 .debug_macro   0x00000000       0x2c src/ASF/common/boards/user_board/init.o
 .debug_macro   0x00000000       0x10 src/ASF/common/boards/user_board/init.o
 .debug_macro   0x00000000       0xe2 src/ASF/common/boards/user_board/init.o
 .debug_macro   0x00000000       0x40 src/ASF/common/boards/user_board/init.o
 .debug_macro   0x00000000      0x100 src/ASF/common/boards/user_board/init.o
 .debug_macro   0x00000000       0x3a src/ASF/common/boards/user_board/init.o
 .debug_macro   0x00000000      0x2c6 src/ASF/common/boards/user_board/init.o
 .debug_macro   0x00000000       0x6f src/ASF/common/boards/user_board/init.o
 .group         0x00000000        0x8 src/main.o
 .group         0x00000000        0x8 src/main.o
 .group         0x00000000        0x8 src/main.o
 .group         0x00000000        0x8 src/main.o
 .group         0x00000000        0x8 src/main.o
 .group         0x00000000        0x8 src/main.o
 .group         0x00000000        0x8 src/main.o
 .group         0x00000000        0x8 src/main.o
 .group         0x00000000        0x8 src/main.o
 .group         0x00000000        0x8 src/main.o
 .group         0x00000000        0x8 src/main.o
 .group         0x00000000        0x8 src/main.o
 .group         0x00000000        0x8 src/main.o
 .group         0x00000000        0x8 src/main.o
 .group         0x00000000        0x8 src/main.o
 .group         0x00000000        0x8 src/main.o
 .group         0x00000000        0x8 src/main.o
 .group         0x00000000        0x8 src/main.o
 .group         0x00000000        0x8 src/main.o
 .group         0x00000000        0x8 src/main.o
 .group         0x00000000        0x8 src/main.o
 .group         0x00000000        0x8 src/main.o
 .group         0x00000000        0x8 src/main.o
 .group         0x00000000        0x8 src/main.o
 .group         0x00000000        0x8 src/main.o
 .group         0x00000000        0x8 src/main.o
 .group         0x00000000        0x8 src/main.o
 .group         0x00000000        0x8 src/main.o
 .group         0x00000000        0x8 src/main.o
 .group         0x00000000        0x8 src/main.o
 .group         0x00000000        0x8 src/main.o
 .group         0x00000000        0x8 src/main.o
 .text          0x00000000        0x0 src/main.o
 .data          0x00000000        0x0 src/main.o
 .bss           0x00000000        0x0 src/main.o
 .debug_macro   0x00000000      0xa4e src/main.o
 .debug_macro   0x00000000       0x10 src/main.o
 .debug_macro   0x00000000      0x1c9 src/main.o
 .debug_macro   0x00000000      0x2fc src/main.o
 .debug_macro   0x00000000       0x9e src/main.o
 .debug_macro   0x00000000     0x15f5 src/main.o
 .debug_macro   0x00000000      0x204 src/main.o
 .debug_macro   0x00000000       0xbd src/main.o
 .debug_macro   0x00000000       0x34 src/main.o
 .debug_macro   0x00000000       0x18 src/main.o
 .debug_macro   0x00000000       0x6c src/main.o
 .debug_macro   0x00000000       0x22 src/main.o
 .debug_macro   0x00000000      0x16d src/main.o
 .debug_macro   0x00000000       0x1c src/main.o
 .debug_macro   0x00000000       0x35 src/main.o
 .debug_macro   0x00000000       0x66 src/main.o
 .debug_macro   0x00000000      0x64b src/main.o
 .debug_macro   0x00000000       0x44 src/main.o
 .debug_macro   0x00000000       0x69 src/main.o
 .debug_macro   0x00000000       0x2c src/main.o
 .debug_macro   0x00000000       0x10 src/main.o
 .debug_macro   0x00000000       0xe2 src/main.o
 .debug_macro   0x00000000       0x40 src/main.o
 .debug_macro   0x00000000      0x100 src/main.o
 .debug_macro   0x00000000       0x22 src/main.o
 .debug_macro   0x00000000       0x3a src/main.o
 .debug_macro   0x00000000      0x2c6 src/main.o
 .debug_macro   0x00000000       0x6f src/main.o
 .debug_macro   0x00000000       0x28 src/main.o
 .debug_macro   0x00000000       0x1d src/main.o
 .debug_macro   0x00000000       0x10 src/main.o
 .text          0x00000000        0x0 c:/program files (x86)/atmel/studio/7.0/toolchain/avr8/avr8-gnu-toolchain/bin/../lib/gcc/avr/5.4.0/avr5\libgcc.a(_exit.o)
 .data          0x00000000        0x0 c:/program files (x86)/atmel/studio/7.0/toolchain/avr8/avr8-gnu-toolchain/bin/../lib/gcc/avr/5.4.0/avr5\libgcc.a(_exit.o)
 .bss           0x00000000        0x0 c:/program files (x86)/atmel/studio/7.0/toolchain/avr8/avr8-gnu-toolchain/bin/../lib/gcc/avr/5.4.0/avr5\libgcc.a(_exit.o)
 .text.libgcc.mul
                0x00000000        0x0 c:/program files (x86)/atmel/studio/7.0/toolchain/avr8/avr8-gnu-toolchain/bin/../lib/gcc/avr/5.4.0/avr5\libgcc.a(_exit.o)
 .text.libgcc.div
                0x00000000        0x0 c:/program files (x86)/atmel/studio/7.0/toolchain/avr8/avr8-gnu-toolchain/bin/../lib/gcc/avr/5.4.0/avr5\libgcc.a(_exit.o)
 .text.libgcc   0x00000000        0x0 c:/program files (x86)/atmel/studio/7.0/toolchain/avr8/avr8-gnu-toolchain/bin/../lib/gcc/avr/5.4.0/avr5\libgcc.a(_exit.o)
 .text.libgcc.prologue
                0x00000000        0x0 c:/program files (x86)/atmel/studio/7.0/toolchain/avr8/avr8-gnu-toolchain/bin/../lib/gcc/avr/5.4.0/avr5\libgcc.a(_exit.o)
 .text.libgcc.builtins
                0x00000000        0x0 c:/program files (x86)/atmel/studio/7.0/toolchain/avr8/avr8-gnu-toolchain/bin/../lib/gcc/avr/5.4.0/avr5\libgcc.a(_exit.o)
 .text.libgcc.fmul
                0x00000000        0x0 c:/program files (x86)/atmel/studio/7.0/toolchain/avr8/avr8-gnu-toolchain/bin/../lib/gcc/avr/5.4.0/avr5\libgcc.a(_exit.o)
 .text.libgcc.fixed
                0x00000000        0x0 c:/program files (x86)/atmel/studio/7.0/toolchain/avr8/avr8-gnu-toolchain/bin/../lib/gcc/avr/5.4.0/avr5\libgcc.a(_exit.o)
 .text          0x00000000        0x0 c:/program files (x86)/atmel/studio/7.0/toolchain/avr8/avr8-gnu-toolchain/bin/../lib/gcc/avr/5.4.0/avr5\libgcc.a(_clear_bss.o)
 .data          0x00000000        0x0 c:/program files (x86)/atmel/studio/7.0/toolchain/avr8/avr8-gnu-toolchain/bin/../lib/gcc/avr/5.4.0/avr5\libgcc.a(_clear_bss.o)
 .bss           0x00000000        0x0 c:/program files (x86)/atmel/studio/7.0/toolchain/avr8/avr8-gnu-toolchain/bin/../lib/gcc/avr/5.4.0/avr5\libgcc.a(_clear_bss.o)
 .text.libgcc.mul
                0x00000000        0x0 c:/program files (x86)/atmel/studio/7.0/toolchain/avr8/avr8-gnu-toolchain/bin/../lib/gcc/avr/5.4.0/avr5\libgcc.a(_clear_bss.o)
 .text.libgcc.div
                0x00000000        0x0 c:/program files (x86)/atmel/studio/7.0/toolchain/avr8/avr8-gnu-toolchain/bin/../lib/gcc/avr/5.4.0/avr5\libgcc.a(_clear_bss.o)
 .text.libgcc   0x00000000        0x0 c:/program files (x86)/atmel/studio/7.0/toolchain/avr8/avr8-gnu-toolchain/bin/../lib/gcc/avr/5.4.0/avr5\libgcc.a(_clear_bss.o)
 .text.libgcc.prologue
                0x00000000        0x0 c:/program files (x86)/atmel/studio/7.0/toolchain/avr8/avr8-gnu-toolchain/bin/../lib/gcc/avr/5.4.0/avr5\libgcc.a(_clear_bss.o)
 .text.libgcc.builtins
                0x00000000        0x0 c:/program files (x86)/atmel/studio/7.0/toolchain/avr8/avr8-gnu-toolchain/bin/../lib/gcc/avr/5.4.0/avr5\libgcc.a(_clear_bss.o)
 .text.libgcc.fmul
                0x00000000        0x0 c:/program files (x86)/atmel/studio/7.0/toolchain/avr8/avr8-gnu-toolchain/bin/../lib/gcc/avr/5.4.0/avr5\libgcc.a(_clear_bss.o)
 .text.libgcc.fixed
                0x00000000        0x0 c:/program files (x86)/atmel/studio/7.0/toolchain/avr8/avr8-gnu-toolchain/bin/../lib/gcc/avr/5.4.0/avr5\libgcc.a(_clear_bss.o)

Memory Configuration

Name             Origin             Length             Attributes
text             0x00000000         0x00020000         xr
data             0x00800060         0x0000ffa0         rw !x
eeprom           0x00810000         0x00010000         rw !x
fuse             0x00820000         0x00000003         rw !x
lock             0x00830000         0x00000400         rw !x
signature        0x00840000         0x00000400         rw !x
user_signatures  0x00850000         0x00000400         rw !x
*default*        0x00000000         0xffffffff

Linker script and memory map

Address of section .data set to 0x800100
LOAD c:/program files (x86)/atmel/studio/7.0/toolchain/avr8/avr8-gnu-toolchain/bin/../lib/gcc/avr/5.4.0/../../../../avr/lib/avr5/crtatmega329p.o
LOAD src/adc/adc_functions.o
LOAD src/ASF/common/services/clock/mega/sysclk.o
LOAD src/Input/btnInterrupt.o
LOAD src/Leds/LedFunctions.o
LOAD src/Leds/light_ws2812.o
LOAD src/ASF/common/boards/user_board/init.o
LOAD src/main.o
START GROUP
LOAD c:/program files (x86)/atmel/studio/7.0/toolchain/avr8/avr8-gnu-toolchain/bin/../lib/gcc/avr/5.4.0/../../../../avr/lib/avr5\libm.a
END GROUP
START GROUP
LOAD c:/program files (x86)/atmel/studio/7.0/toolchain/avr8/avr8-gnu-toolchain/bin/../lib/gcc/avr/5.4.0/avr5\libgcc.a
LOAD c:/program files (x86)/atmel/studio/7.0/toolchain/avr8/avr8-gnu-toolchain/bin/../lib/gcc/avr/5.4.0/../../../../avr/lib/avr5\libm.a
LOAD c:/program files (x86)/atmel/studio/7.0/toolchain/avr8/avr8-gnu-toolchain/bin/../lib/gcc/avr/5.4.0/../../../../avr/lib/avr5\libc.a
LOAD c:/program files (x86)/atmel/studio/7.0/toolchain/avr8/avr8-gnu-toolchain/bin/../lib/gcc/avr/5.4.0/../../../../avr/lib/avr5\libatmega329p.a
END GROUP
                0x00020000                __TEXT_REGION_LENGTH__ = DEFINED (__TEXT_REGION_LENGTH__)?__TEXT_REGION_LENGTH__:0x20000
                0x0000ffa0                __DATA_REGION_LENGTH__ = DEFINED (__DATA_REGION_LENGTH__)?__DATA_REGION_LENGTH__:0xffa0
                0x00010000                __EEPROM_REGION_LENGTH__ = DEFINED (__EEPROM_REGION_LENGTH__)?__EEPROM_REGION_LENGTH__:0x10000
                [0x00000003]                __FUSE_REGION_LENGTH__ = DEFINED (__FUSE_REGION_LENGTH__)?__FUSE_REGION_LENGTH__:0x400
                0x00000400                __LOCK_REGION_LENGTH__ = DEFINED (__LOCK_REGION_LENGTH__)?__LOCK_REGION_LENGTH__:0x400
                0x00000400                __SIGNATURE_REGION_LENGTH__ = DEFINED (__SIGNATURE_REGION_LENGTH__)?__SIGNATURE_REGION_LENGTH__:0x400
                0x00000400                __USER_SIGNATURE_REGION_LENGTH__ = DEFINED (__USER_SIGNATURE_REGION_LENGTH__)?__USER_SIGNATURE_REGION_LENGTH__:0x400

.hash
 *(.hash)

.dynsym
 *(.dynsym)

.dynstr
 *(.dynstr)

.gnu.version
 *(.gnu.version)

.gnu.version_d
 *(.gnu.version_d)

.gnu.version_r
 *(.gnu.version_r)

.rel.init
 *(.rel.init)

.rela.init
 *(.rela.init)

.rel.text
 *(.rel.text)
 *(.rel.text.*)
 *(.rel.gnu.linkonce.t*)

.rela.text
 *(.rela.text)
 *(.rela.text.*)
 *(.rela.gnu.linkonce.t*)

.rel.fini
 *(.rel.fini)

.rela.fini
 *(.rela.fini)

.rel.rodata
 *(.rel.rodata)
 *(.rel.rodata.*)
 *(.rel.gnu.linkonce.r*)

.rela.rodata
 *(.rela.rodata)
 *(.rela.rodata.*)
 *(.rela.gnu.linkonce.r*)

.rel.data
 *(.rel.data)
 *(.rel.data.*)
 *(.rel.gnu.linkonce.d*)

.rela.data
 *(.rela.data)
 *(.rela.data.*)
 *(.rela.gnu.linkonce.d*)

.rel.ctors
 *(.rel.ctors)

.rela.ctors
 *(.rela.ctors)

.rel.dtors
 *(.rel.dtors)

.rela.dtors
 *(.rela.dtors)

.rel.got
 *(.rel.got)

.rela.got
 *(.rela.got)

.rel.bss
 *(.rel.bss)

.rela.bss
 *(.rela.bss)

.rel.plt
 *(.rel.plt)

.rela.plt
 *(.rela.plt)

.text           0x00000000       0xd2
 *(.vectors)
 .vectors       0x00000000       0x5c c:/program files (x86)/atmel/studio/7.0/toolchain/avr8/avr8-gnu-toolchain/bin/../lib/gcc/avr/5.4.0/../../../../avr/lib/avr5/crtatmega329p.o
                0x00000000                __vector_default
                0x00000000                __vectors
 *(.vectors)
 *(.progmem.gcc*)
                0x0000005c                . = ALIGN (0x2)
                0x0000005c                __trampolines_start = .
 *(.trampolines)
 .trampolines   0x0000005c        0x0 linker stubs
 *(.trampolines*)
                0x0000005c                __trampolines_end = .
 *libprintf_flt.a:*(.progmem.data)
 *libc.a:*(.progmem.data)
 *(.progmem*)
                0x0000005c                . = ALIGN (0x2)
 *(.jumptables)
 *(.jumptables*)
 *(.lowtext)
 *(.lowtext*)
                0x0000005c                __ctors_start = .
 *(.ctors)
                0x0000005c                __ctors_end = .
                0x0000005c                __dtors_start = .
 *(.dtors)
                0x0000005c                __dtors_end = .
 SORT(*)(.ctors)
 SORT(*)(.dtors)
 *(.init0)
 .init0         0x0000005c        0x0 c:/program files (x86)/atmel/studio/7.0/toolchain/avr8/avr8-gnu-toolchain/bin/../lib/gcc/avr/5.4.0/../../../../avr/lib/avr5/crtatmega329p.o
                0x0000005c                __init
 *(.init0)
 *(.init1)
 *(.init1)
 *(.init2)
 .init2         0x0000005c        0xc c:/program files (x86)/atmel/studio/7.0/toolchain/avr8/avr8-gnu-toolchain/bin/../lib/gcc/avr/5.4.0/../../../../avr/lib/avr5/crtatmega329p.o
 *(.init2)
 *(.init3)
 *(.init3)
 *(.init4)
 .init4         0x00000068       0x10 c:/program files (x86)/atmel/studio/7.0/toolchain/avr8/avr8-gnu-toolchain/bin/../lib/gcc/avr/5.4.0/avr5\libgcc.a(_clear_bss.o)
                0x00000068                __do_clear_bss
 *(.init4)
 *(.init5)
 *(.init5)
 *(.init6)
 *(.init6)
 *(.init7)
 *(.init7)
 *(.init8)
 *(.init8)
 *(.init9)
 .init9         0x00000078        0x4 c:/program files (x86)/atmel/studio/7.0/toolchain/avr8/avr8-gnu-toolchain/bin/../lib/gcc/avr/5.4.0/../../../../avr/lib/avr5/crtatmega329p.o
 *(.init9)
 *(.text)
 .text          0x0000007c        0x2 c:/program files (x86)/atmel/studio/7.0/toolchain/avr8/avr8-gnu-toolchain/bin/../lib/gcc/avr/5.4.0/../../../../avr/lib/avr5/crtatmega329p.o
                0x0000007c                __vector_22
                0x0000007c                __vector_12
                0x0000007c                __bad_interrupt
                0x0000007c                __vector_6
                0x0000007c                __vector_3
                0x0000007c                __vector_11
                0x0000007c                __vector_13
                0x0000007c                __vector_17
                0x0000007c                __vector_19
                0x0000007c                __vector_7
                0x0000007c                __vector_5
                0x0000007c                __vector_4
                0x0000007c                __vector_9
                0x0000007c                __vector_2
                0x0000007c                __vector_21
                0x0000007c                __vector_15
                0x0000007c                __vector_8
                0x0000007c                __vector_14
                0x0000007c                __vector_10
                0x0000007c                __vector_16
                0x0000007c                __vector_18
                0x0000007c                __vector_20
                0x0000007e                . = ALIGN (0x2)
 *(.text.*)
 .text.sysclk_init
                0x0000007e        0x8 src/ASF/common/services/clock/mega/sysclk.o
                0x0000007e                sysclk_init
 .text.__vector_1
                0x00000086       0x24 src/Input/btnInterrupt.o
                0x00000086                __vector_1
 .text.board_init
                0x000000aa        0x2 src/ASF/common/boards/user_board/init.o
                0x000000aa                board_init
 .text.main     0x000000ac       0x22 src/main.o
                0x000000ac                main
                0x000000ce                . = ALIGN (0x2)
 *(.fini9)
 .fini9         0x000000ce        0x0 c:/program files (x86)/atmel/studio/7.0/toolchain/avr8/avr8-gnu-toolchain/bin/../lib/gcc/avr/5.4.0/avr5\libgcc.a(_exit.o)
                0x000000ce                _exit
                0x000000ce                exit
 *(.fini9)
 *(.fini8)
 *(.fini8)
 *(.fini7)
 *(.fini7)
 *(.fini6)
 *(.fini6)
 *(.fini5)
 *(.fini5)
 *(.fini4)
 *(.fini4)
 *(.fini3)
 *(.fini3)
 *(.fini2)
 *(.fini2)
 *(.fini1)
 *(.fini1)
 *(.fini0)
 .fini0         0x000000ce        0x4 c:/program files (x86)/atmel/studio/7.0/toolchain/avr8/avr8-gnu-toolchain/bin/../lib/gcc/avr/5.4.0/avr5\libgcc.a(_exit.o)
 *(.fini0)
                0x000000d2                _etext = .

.data           0x00800100        0x0 load address 0x000000d2
                [!provide]                PROVIDE (__data_start, .)
 *(.data)
 *(.data*)
 *(.gnu.linkonce.d*)
 *(.rodata)
 *(.rodata*)
 *(.gnu.linkonce.r*)
                0x00800100                . = ALIGN (0x2)
                0x00800100                _edata = .
                [!provide]                PROVIDE (__data_end, .)

.bss            0x00800100        0x0
                0x00800100                PROVIDE (__bss_start, .)
 *(.bss)
 *(.bss*)
 *(COMMON)
                0x00800100                PROVIDE (__bss_end, .)
                0x000000d2                __data_load_start = LOADADDR (.data)
                0x000000d2                __data_load_end = (__data_load_start + SIZEOF (.data))

.noinit         0x00800100        0x0
                [!provide]                PROVIDE (__noinit_start, .)
 *(.noinit*)
                [!provide]                PROVIDE (__noinit_end, .)
                0x00800100                _end = .
                [!provide]                PROVIDE (__heap_start, .)

.eeprom         0x00810000        0x0
 *(.eeprom*)
                0x00810000                __eeprom_end = .

.fuse
 *(.fuse)
 *(.lfuse)
 *(.hfuse)
 *(.efuse)

.lock
 *(.lock*)

.signature
 *(.signature*)

.user_signatures
 *(.user_signatures*)

.stab
 *(.stab)

.stabstr
 *(.stabstr)

.stab.excl
 *(.stab.excl)

.stab.exclstr
 *(.stab.exclstr)

.stab.index
 *(.stab.index)

.stab.indexstr
 *(.stab.indexstr)

.comment        0x00000000       0x30
 *(.comment)
 .comment       0x00000000       0x30 src/ASF/common/services/clock/mega/sysclk.o
                                 0x31 (size before relaxing)
 .comment       0x00000030       0x31 src/Input/btnInterrupt.o
 .comment       0x00000030       0x31 src/ASF/common/boards/user_board/init.o
 .comment       0x00000030       0x31 src/main.o

.note.gnu.avr.deviceinfo
                0x00000000       0x40
 .note.gnu.avr.deviceinfo
                0x00000000       0x40 c:/program files (x86)/atmel/studio/7.0/toolchain/avr8/avr8-gnu-toolchain/bin/../lib/gcc/avr/5.4.0/../../../../avr/lib/avr5/crtatmega329p.o

.note.gnu.build-id
 *(.note.gnu.build-id)

.debug
 *(.debug)

.line
 *(.line)

.debug_srcinfo
 *(.debug_srcinfo)

.debug_sfnames
 *(.debug_sfnames)

.debug_aranges  0x00000000       0x98
 *(.debug_aranges)
 .debug_aranges
                0x00000000       0x30 src/ASF/common/services/clock/mega/sysclk.o
 .debug_aranges
                0x00000030       0x28 src/Input/btnInterrupt.o
 .debug_aranges
                0x00000058       0x20 src/ASF/common/boards/user_board/init.o
 .debug_aranges
                0x00000078       0x20 src/main.o

.debug_pubnames
 *(.debug_pubnames)

.debug_info     0x00000000      0xb68
 *(.debug_info .gnu.linkonce.wi.*)
 .debug_info    0x00000000      0x7b6 c:/program files (x86)/atmel/studio/7.0/toolchain/avr8/avr8-gnu-toolchain/bin/../lib/gcc/avr/5.4.0/../../../../avr/lib/avr5/crtatmega329p.o
 .debug_info    0x000007b6      0x126 src/ASF/common/services/clock/mega/sysclk.o
 .debug_info    0x000008dc       0xcd src/Input/btnInterrupt.o
 .debug_info    0x000009a9       0x7c src/ASF/common/boards/user_board/init.o
 .debug_info    0x00000a25      0x143 src/main.o

.debug_abbrev   0x00000000      0x9d2
 *(.debug_abbrev)
 .debug_abbrev  0x00000000      0x74b c:/program files (x86)/atmel/studio/7.0/toolchain/avr8/avr8-gnu-toolchain/bin/../lib/gcc/avr/5.4.0/../../../../avr/lib/avr5/crtatmega329p.o
 .debug_abbrev  0x0000074b       0xcd src/ASF/common/services/clock/mega/sysclk.o
 .debug_abbrev  0x00000818       0x93 src/Input/btnInterrupt.o
 .debug_abbrev  0x000008ab       0x47 src/ASF/common/boards/user_board/init.o
 .debug_abbrev  0x000008f2       0xe0 src/main.o

.debug_line     0x00000000     0x1013
 *(.debug_line .debug_line.* .debug_line_end)
 .debug_line    0x00000000       0x1a c:/program files (x86)/atmel/studio/7.0/toolchain/avr8/avr8-gnu-toolchain/bin/../lib/gcc/avr/5.4.0/../../../../avr/lib/avr5/crtatmega329p.o
 .debug_line    0x0000001a      0x409 src/ASF/common/services/clock/mega/sysclk.o
 .debug_line    0x00000423      0x242 src/Input/btnInterrupt.o
 .debug_line    0x00000665      0x498 src/ASF/common/boards/user_board/init.o
 .debug_line    0x00000afd      0x516 src/main.o

.debug_frame    0x00000000       0xd4
 *(.debug_frame)
 .debug_frame   0x00000000       0x44 src/ASF/common/services/clock/mega/sysclk.o
 .debug_frame   0x00000044       0x48 src/Input/btnInterrupt.o
 .debug_frame   0x0000008c       0x24 src/ASF/common/boards/user_board/init.o
 .debug_frame   0x000000b0       0x24 src/main.o

.debug_str      0x00000000    0x1042a
 *(.debug_str)
 .debug_str     0x00000000      0x2b3 c:/program files (x86)/atmel/studio/7.0/toolchain/avr8/avr8-gnu-toolchain/bin/../lib/gcc/avr/5.4.0/../../../../avr/lib/avr5/crtatmega329p.o
 .debug_str     0x000002b3     0xf930 src/ASF/common/services/clock/mega/sysclk.o
                               0xfaf2 (size before relaxing)
 .debug_str     0x0000fbe3       0xac src/Input/btnInterrupt.o
                               0x6f60 (size before relaxing)
 .debug_str     0x0000fc8f      0x37b src/ASF/common/boards/user_board/init.o
                               0xfdde (size before relaxing)
 .debug_str     0x0001000a      0x420 src/main.o
                              0x101c3 (size before relaxing)

.debug_loc      0x00000000       0xb1
 *(.debug_loc)
 .debug_loc     0x00000000       0x20 src/ASF/common/services/clock/mega/sysclk.o
 .debug_loc     0x00000020       0x49 src/Input/btnInterrupt.o
 .debug_loc     0x00000069       0x48 src/main.o

.debug_macinfo
 *(.debug_macinfo)

.debug_weaknames
 *(.debug_weaknames)

.debug_funcnames
 *(.debug_funcnames)

.debug_typenames
 *(.debug_typenames)

.debug_varnames
 *(.debug_varnames)

.debug_pubtypes
 *(.debug_pubtypes)

.debug_ranges   0x00000000       0x58
 *(.debug_ranges)
 .debug_ranges  0x00000000       0x20 src/ASF/common/services/clock/mega/sysclk.o
 .debug_ranges  0x00000020       0x18 src/Input/btnInterrupt.o
 .debug_ranges  0x00000038       0x10 src/ASF/common/boards/user_board/init.o
 .debug_ranges  0x00000048       0x10 src/main.o

.debug_macro    0x00000000     0x553b
 *(.debug_macro)
 .debug_macro   0x00000000      0x15b src/ASF/common/services/clock/mega/sysclk.o
 .debug_macro   0x0000015b      0xa54 src/ASF/common/services/clock/mega/sysclk.o
 .debug_macro   0x00000baf       0x10 src/ASF/common/services/clock/mega/sysclk.o
 .debug_macro   0x00000bbf      0x1c9 src/ASF/common/services/clock/mega/sysclk.o
 .debug_macro   0x00000d88      0x2fc src/ASF/common/services/clock/mega/sysclk.o
 .debug_macro   0x00001084       0x9e src/ASF/common/services/clock/mega/sysclk.o
 .debug_macro   0x00001122     0x15e9 src/ASF/common/services/clock/mega/sysclk.o
 .debug_macro   0x0000270b      0x204 src/ASF/common/services/clock/mega/sysclk.o
 .debug_macro   0x0000290f       0xbd src/ASF/common/services/clock/mega/sysclk.o
 .debug_macro   0x000029cc       0x34 src/ASF/common/services/clock/mega/sysclk.o
 .debug_macro   0x00002a00       0x18 src/ASF/common/services/clock/mega/sysclk.o
 .debug_macro   0x00002a18       0x6c src/ASF/common/services/clock/mega/sysclk.o
 .debug_macro   0x00002a84       0x22 src/ASF/common/services/clock/mega/sysclk.o
 .debug_macro   0x00002aa6      0x16d src/ASF/common/services/clock/mega/sysclk.o
 .debug_macro   0x00002c13       0x1c src/ASF/common/services/clock/mega/sysclk.o
 .debug_macro   0x00002c2f       0x35 src/ASF/common/services/clock/mega/sysclk.o
 .debug_macro   0x00002c64       0x66 src/ASF/common/services/clock/mega/sysclk.o
 .debug_macro   0x00002cca      0x64b src/ASF/common/services/clock/mega/sysclk.o
 .debug_macro   0x00003315       0x44 src/ASF/common/services/clock/mega/sysclk.o
 .debug_macro   0x00003359       0x69 src/ASF/common/services/clock/mega/sysclk.o
 .debug_macro   0x000033c2       0x2c src/ASF/common/services/clock/mega/sysclk.o
 .debug_macro   0x000033ee       0x10 src/ASF/common/services/clock/mega/sysclk.o
 .debug_macro   0x000033fe       0xe2 src/ASF/common/services/clock/mega/sysclk.o
 .debug_macro   0x000034e0       0x40 src/ASF/common/services/clock/mega/sysclk.o
 .debug_macro   0x00003520      0x100 src/ASF/common/services/clock/mega/sysclk.o
 .debug_macro   0x00003620       0x3a src/ASF/common/services/clock/mega/sysclk.o
 .debug_macro   0x0000365a      0x2c6 src/ASF/common/services/clock/mega/sysclk.o
 .debug_macro   0x00003920       0x6f src/ASF/common/services/clock/mega/sysclk.o
 .debug_macro   0x0000398f       0xa0 src/Input/btnInterrupt.o
 .debug_macro   0x00003a2f     0x15f5 src/Input/btnInterrupt.o
 .debug_macro   0x00005024      0x195 src/ASF/common/boards/user_board/init.o
 .debug_macro   0x000051b9       0x22 src/ASF/common/boards/user_board/init.o
 .debug_macro   0x000051db       0x28 src/ASF/common/boards/user_board/init.o
 .debug_macro   0x00005203       0x1d src/ASF/common/boards/user_board/init.o
 .debug_macro   0x00005220      0x1bb src/main.o
 .debug_macro   0x000053db      0x160 src/main.o
OUTPUT(LedProject.elf elf32-avr)
LOAD linker stubs
